[1.865s] Invoking command in '/home/dorian/sim_ws/src/safety_node': PYTHONPATH=/home/dorian/sim_ws/src/build/safety_node/prefix_override:/usr/lib/python3/dist-packages/colcon_core/task/python/colcon_distutils_commands:/home/dorian/sim_ws/src/install/safety_node/lib/python3.8/site-packages:${PYTHONPATH} /usr/bin/python3 -W ignore:setup.py install is deprecated -W ignore:easy_install command is deprecated setup.py egg_info --egg-base ../build/safety_node build --build-base /home/dorian/sim_ws/src/build/safety_node/build install --record /home/dorian/sim_ws/src/build/safety_node/install.log --install-scripts $base/lib/safety_node --single-version-externally-managed install_data
[2.186s] running egg_info
[2.188s] creating ../build/safety_node/safety_node.egg-info
[2.188s] writing ../build/safety_node/safety_node.egg-info/PKG-INFO
[2.189s] writing dependency_links to ../build/safety_node/safety_node.egg-info/dependency_links.txt
[2.190s] writing entry points to ../build/safety_node/safety_node.egg-info/entry_points.txt
[2.190s] writing requirements to ../build/safety_node/safety_node.egg-info/requires.txt
[2.191s] writing top-level names to ../build/safety_node/safety_node.egg-info/top_level.txt
[2.193s] writing manifest file '../build/safety_node/safety_node.egg-info/SOURCES.txt'
[2.249s] reading manifest file '../build/safety_node/safety_node.egg-info/SOURCES.txt'
[2.249s] writing manifest file '../build/safety_node/safety_node.egg-info/SOURCES.txt'
[2.251s] running build
[2.251s] running build_py
[2.251s] creating /home/dorian/sim_ws/src/build/safety_node/build
[2.251s] creating /home/dorian/sim_ws/src/build/safety_node/build/lib
[2.251s] creating /home/dorian/sim_ws/src/build/safety_node/build/lib/safety_node
[2.252s] copying safety_node/safety_node.py -> /home/dorian/sim_ws/src/build/safety_node/build/lib/safety_node
[2.252s] copying safety_node/__init__.py -> /home/dorian/sim_ws/src/build/safety_node/build/lib/safety_node
[2.252s] running install
[2.254s] running install_lib
[2.255s] creating /home/dorian/sim_ws/src/install/safety_node/lib/python3.8/site-packages/safety_node
[2.255s] copying /home/dorian/sim_ws/src/build/safety_node/build/lib/safety_node/safety_node.py -> /home/dorian/sim_ws/src/install/safety_node/lib/python3.8/site-packages/safety_node
[2.255s] copying /home/dorian/sim_ws/src/build/safety_node/build/lib/safety_node/__init__.py -> /home/dorian/sim_ws/src/install/safety_node/lib/python3.8/site-packages/safety_node
[2.258s] byte-compiling /home/dorian/sim_ws/src/install/safety_node/lib/python3.8/site-packages/safety_node/safety_node.py to safety_node.cpython-38.pyc
[2.259s] byte-compiling /home/dorian/sim_ws/src/install/safety_node/lib/python3.8/site-packages/safety_node/__init__.py to __init__.cpython-38.pyc
[2.260s] running install_data
[2.260s] creating /home/dorian/sim_ws/src/install/safety_node/share/ament_index
[2.261s] creating /home/dorian/sim_ws/src/install/safety_node/share/ament_index/resource_index
[2.261s] creating /home/dorian/sim_ws/src/install/safety_node/share/ament_index/resource_index/packages
[2.261s] copying resource/safety_node -> /home/dorian/sim_ws/src/install/safety_node/share/ament_index/resource_index/packages
[2.261s] copying package.xml -> /home/dorian/sim_ws/src/install/safety_node/share/safety_node
[2.263s] running install_egg_info
[2.264s] Copying ../build/safety_node/safety_node.egg-info to /home/dorian/sim_ws/src/install/safety_node/lib/python3.8/site-packages/safety_node-0.0.0-py3.8.egg-info
[2.266s] running install_scripts
[2.298s] Installing safety_node script to /home/dorian/sim_ws/src/install/safety_node/lib/safety_node
[2.300s] writing list of installed files to '/home/dorian/sim_ws/src/build/safety_node/install.log'
[2.383s] Invoked command in '/home/dorian/sim_ws/src/safety_node' returned '0': PYTHONPATH=/home/dorian/sim_ws/src/build/safety_node/prefix_override:/usr/lib/python3/dist-packages/colcon_core/task/python/colcon_distutils_commands:/home/dorian/sim_ws/src/install/safety_node/lib/python3.8/site-packages:${PYTHONPATH} /usr/bin/python3 -W ignore:setup.py install is deprecated -W ignore:easy_install command is deprecated setup.py egg_info --egg-base ../build/safety_node build --build-base /home/dorian/sim_ws/src/build/safety_node/build install --record /home/dorian/sim_ws/src/build/safety_node/install.log --install-scripts $base/lib/safety_node --single-version-externally-managed install_data
